// Jest Snapshot v1, https://goo.gl/fbAQLP

exports[`StoryList renders correctly 1`] = `
ShallowWrapper {
  Symbol(enzyme.__root__): [Circular],
  Symbol(enzyme.__unrendered__): <StoryList
    error={null}
    fetchStories={[MockFunction]}
    fetchStoriesIds={
      [MockFunction] {
        "calls": Array [
          Array [],
        ],
        "results": Array [
          Object {
            "isThrow": false,
            "value": undefined,
          },
        ],
      }
    }
    ids={
      Array [
        "42",
        "84",
      ]
    }
    isFetching={false}
    navigation={
      Object {
        "navigate": [MockFunction],
      }
    }
    stories={
      Array [
        Object {
          "by": "tmato",
          "id": 42,
          "kids": Array [
            1,
            2,
          ],
          "score": 42,
          "time": 1539934494,
          "title": "This is a random title",
          "type": "story",
          "url": "http://google.com",
        },
        Object {
          "by": "matoti",
          "id": 84,
          "kids": Array [
            1,
            2,
          ],
          "score": 84,
          "time": 1539934494,
          "title": "This is a new random title",
          "type": "story",
          "url": "http://google.com/search",
        },
      ]
    }
    storyCategory="topstories"
  />,
  Symbol(enzyme.__renderer__): Object {
    "batchedUpdates": [Function],
    "getNode": [Function],
    "render": [Function],
    "simulateError": [Function],
    "simulateEvent": [Function],
    "unmount": [Function],
  },
  Symbol(enzyme.__node__): Object {
    "instance": null,
    "key": undefined,
    "nodeType": "class",
    "props": Object {
      "children": <FlatList
        ListFooterComponent={[Function]}
        data={
          Array [
            Object {
              "by": "tmato",
              "id": 42,
              "kids": Array [
                1,
                2,
              ],
              "score": 42,
              "time": 1539934494,
              "title": "This is a random title",
              "type": "story",
              "url": "http://google.com",
            },
            Object {
              "by": "matoti",
              "id": 84,
              "kids": Array [
                1,
                2,
              ],
              "score": 84,
              "time": 1539934494,
              "title": "This is a new random title",
              "type": "story",
              "url": "http://google.com/search",
            },
          ]
        }
        disableVirtualization={false}
        horizontal={false}
        initialNumToRender={10}
        keyExtractor={[Function]}
        maxToRenderPerBatch={10}
        numColumns={1}
        onEndReached={[Function]}
        onEndReachedThreshold={2}
        refreshing={false}
        renderItem={[Function]}
        scrollEventThrottle={50}
        updateCellsBatchingPeriod={50}
        windowSize={21}
      />,
    },
    "ref": null,
    "rendered": Object {
      "instance": null,
      "key": undefined,
      "nodeType": "class",
      "props": Object {
        "ListFooterComponent": [Function],
        "data": Array [
          Object {
            "by": "tmato",
            "id": 42,
            "kids": Array [
              1,
              2,
            ],
            "score": 42,
            "time": 1539934494,
            "title": "This is a random title",
            "type": "story",
            "url": "http://google.com",
          },
          Object {
            "by": "matoti",
            "id": 84,
            "kids": Array [
              1,
              2,
            ],
            "score": 84,
            "time": 1539934494,
            "title": "This is a new random title",
            "type": "story",
            "url": "http://google.com/search",
          },
        ],
        "disableVirtualization": false,
        "horizontal": false,
        "initialNumToRender": 10,
        "keyExtractor": [Function],
        "maxToRenderPerBatch": 10,
        "numColumns": 1,
        "onEndReached": [Function],
        "onEndReachedThreshold": 2,
        "refreshing": false,
        "renderItem": [Function],
        "scrollEventThrottle": 50,
        "updateCellsBatchingPeriod": 50,
        "windowSize": 21,
      },
      "ref": null,
      "rendered": null,
      "type": [Function],
    },
    "type": [Function],
  },
  Symbol(enzyme.__nodes__): Array [
    Object {
      "instance": null,
      "key": undefined,
      "nodeType": "class",
      "props": Object {
        "children": <FlatList
          ListFooterComponent={[Function]}
          data={
            Array [
              Object {
                "by": "tmato",
                "id": 42,
                "kids": Array [
                  1,
                  2,
                ],
                "score": 42,
                "time": 1539934494,
                "title": "This is a random title",
                "type": "story",
                "url": "http://google.com",
              },
              Object {
                "by": "matoti",
                "id": 84,
                "kids": Array [
                  1,
                  2,
                ],
                "score": 84,
                "time": 1539934494,
                "title": "This is a new random title",
                "type": "story",
                "url": "http://google.com/search",
              },
            ]
          }
          disableVirtualization={false}
          horizontal={false}
          initialNumToRender={10}
          keyExtractor={[Function]}
          maxToRenderPerBatch={10}
          numColumns={1}
          onEndReached={[Function]}
          onEndReachedThreshold={2}
          refreshing={false}
          renderItem={[Function]}
          scrollEventThrottle={50}
          updateCellsBatchingPeriod={50}
          windowSize={21}
        />,
      },
      "ref": null,
      "rendered": Object {
        "instance": null,
        "key": undefined,
        "nodeType": "class",
        "props": Object {
          "ListFooterComponent": [Function],
          "data": Array [
            Object {
              "by": "tmato",
              "id": 42,
              "kids": Array [
                1,
                2,
              ],
              "score": 42,
              "time": 1539934494,
              "title": "This is a random title",
              "type": "story",
              "url": "http://google.com",
            },
            Object {
              "by": "matoti",
              "id": 84,
              "kids": Array [
                1,
                2,
              ],
              "score": 84,
              "time": 1539934494,
              "title": "This is a new random title",
              "type": "story",
              "url": "http://google.com/search",
            },
          ],
          "disableVirtualization": false,
          "horizontal": false,
          "initialNumToRender": 10,
          "keyExtractor": [Function],
          "maxToRenderPerBatch": 10,
          "numColumns": 1,
          "onEndReached": [Function],
          "onEndReachedThreshold": 2,
          "refreshing": false,
          "renderItem": [Function],
          "scrollEventThrottle": 50,
          "updateCellsBatchingPeriod": 50,
          "windowSize": 21,
        },
        "ref": null,
        "rendered": null,
        "type": [Function],
      },
      "type": [Function],
    },
  ],
  Symbol(enzyme.__options__): Object {
    "adapter": ReactSixteenAdapter {
      "options": Object {
        "enableComponentDidUpdateOnSetState": true,
        "lifecycles": Object {
          "componentDidUpdate": Object {
            "onSetState": true,
          },
          "getDerivedStateFromProps": true,
          "getSnapshotBeforeUpdate": true,
          "setState": Object {
            "skipsComponentDidUpdateOnNullish": true,
          },
        },
      },
    },
    "attachTo": undefined,
    "hydrateIn": undefined,
  },
}
`;
